\BOOKMARK [1][-]{Doc-Start}{\376\377\000R\000e\000s\000u\000m\000e\000n}{}% 1
\BOOKMARK [1][-]{Doc-Start}{\376\377\000A\000b\000s\000t\000r\000a\000c\000t}{}% 2
\BOOKMARK [1][-]{section.1}{\376\377\000I\000n\000t\000r\000o\000d\000u\000c\000c\000i\000\363\000n}{}% 3
\BOOKMARK [2][-]{subsection.1.1}{\376\377\000C\000o\000n\000t\000e\000x\000t\000o\000\040\000d\000e\000l\000\040\000p\000r\000o\000b\000l\000e\000m\000a}{section.1}% 4
\BOOKMARK [2][-]{subsection.1.2}{\376\377\000M\000o\000t\000i\000v\000a\000c\000i\000\363\000n}{section.1}% 5
\BOOKMARK [2][-]{subsection.1.3}{\376\377\000O\000b\000j\000e\000t\000i\000v\000o\000s\000\040\000d\000e\000l\000\040\000T\000F\000G}{section.1}% 6
\BOOKMARK [2][-]{subsection.1.4}{\376\377\000A\000l\000c\000a\000n\000c\000e\000\040\000y\000\040\000l\000i\000m\000i\000t\000a\000c\000i\000o\000n\000e\000s}{section.1}% 7
\BOOKMARK [2][-]{subsection.1.5}{\376\377\000E\000s\000t\000r\000u\000c\000t\000u\000r\000a\000\040\000d\000e\000\040\000l\000a\000\040\000m\000e\000m\000o\000r\000i\000a}{section.1}% 8
\BOOKMARK [1][-]{section.2}{\376\377\000E\000s\000t\000a\000d\000o\000\040\000d\000e\000l\000\040\000a\000r\000t\000e}{}% 9
\BOOKMARK [2][-]{subsection.2.1}{\376\377\000M\000u\000l\000t\000i\000-\000O\000b\000j\000e\000c\000t\000\040\000T\000r\000a\000c\000k\000i\000n\000g}{section.2}% 10
\BOOKMARK [2][-]{subsection.2.2}{\376\377\000R\000e\000-\000I\000d\000e\000n\000t\000i\000f\000i\000c\000a\000t\000i\000o\000n}{section.2}% 11
\BOOKMARK [2][-]{subsection.2.3}{\376\377\000P\000a\000r\000a\000d\000i\000g\000m\000a\000s\000\040\000d\000e\000\040\000s\000e\000g\000u\000i\000m\000i\000e\000n\000t\000o\000:\000\040\000t\000r\000a\000c\000k\000i\000n\000g\000-\000b\000y\000-\000d\000e\000t\000e\000c\000t\000i\000o\000n\000\040\000f\000r\000e\000n\000t\000e\000\040\000a\000\040\000m\000\351\000t\000o\000d\000o\000s\000\040\000e\000n\000d\000-\000t\000o\000-\000e\000n\000d}{section.2}% 12
\BOOKMARK [2][-]{subsection.2.4}{\376\377\000S\000e\000g\000u\000i\000m\000i\000e\000n\000t\000o\000\040\000d\000e\000\040\000j\000u\000g\000a\000d\000o\000r\000e\000s\000\040\000e\000n\000\040\000d\000e\000p\000o\000r\000t\000e\000\040\000y\000\040\000f\000\372\000t\000b\000o\000l}{section.2}% 13
\BOOKMARK [2][-]{subsection.2.5}{\376\377\000M\000\351\000t\000r\000i\000c\000a\000s\000\040\000d\000e\000\040\000e\000v\000a\000l\000u\000a\000c\000i\000\363\000n}{section.2}% 14
\BOOKMARK [1][-]{section.3}{\376\377\000P\000l\000a\000n\000t\000e\000a\000m\000i\000e\000n\000t\000o\000\040\000d\000e\000l\000\040\000p\000r\000o\000b\000l\000e\000m\000a}{}% 15
\BOOKMARK [2][-]{subsection.3.1}{\376\377\000D\000i\000f\000i\000c\000u\000l\000t\000a\000d\000e\000s\000\040\000e\000s\000p\000e\000c\000\355\000f\000i\000c\000a\000s\000\040\000d\000e\000l\000\040\000d\000o\000m\000i\000n\000i\000o\000\040\000a\000m\000a\000t\000e\000u\000r}{section.3}% 16
\BOOKMARK [2][-]{subsection.3.2}{\376\377\000O\000c\000l\000u\000s\000i\000o\000n\000e\000s\000,\000\040\000c\000r\000u\000c\000e\000s\000,\000\040\000p\000a\000n\000e\000o\000s\000\040\000y\000\040\000s\000a\000l\000i\000d\000a\000s\000\040\000d\000e\000\040\000e\000s\000c\000e\000n\000a}{section.3}% 17
\BOOKMARK [2][-]{subsection.3.3}{\376\377\000C\000o\000h\000e\000r\000e\000n\000c\000i\000a\000\040\000d\000e\000\040\000i\000d\000e\000n\000t\000i\000d\000a\000d\000\040\000y\000\040\000c\000o\000h\000e\000r\000e\000n\000c\000i\000a\000\040\000g\000e\000o\000m\000\351\000t\000r\000i\000c\000a}{section.3}% 18
\BOOKMARK [2][-]{subsection.3.4}{\376\377\000P\000r\000e\000g\000u\000n\000t\000a\000s\000\040\000d\000e\000\040\000i\000n\000v\000e\000s\000t\000i\000g\000a\000c\000i\000\363\000n}{section.3}% 19
\BOOKMARK [2][-]{subsection.3.5}{\376\377\000H\000i\000p\000\363\000t\000e\000s\000i\000s\000\040\000d\000e\000\040\000t\000r\000a\000b\000a\000j\000o}{section.3}% 20
\BOOKMARK [1][-]{section.4}{\376\377\000D\000a\000t\000o\000s\000,\000\040\000m\000a\000t\000e\000r\000i\000a\000l\000e\000s\000\040\000y\000\040\000e\000n\000t\000o\000r\000n\000o\000\040\000e\000x\000p\000e\000r\000i\000m\000e\000n\000t\000a\000l}{}% 21
\BOOKMARK [2][-]{subsection.4.1}{\376\377\000D\000a\000t\000a\000s\000e\000t\000s\000\040\000y\000\040\000f\000u\000e\000n\000t\000e\000s\000\040\000d\000e\000\040\000d\000a\000t\000o\000s}{section.4}% 22
\BOOKMARK [2][-]{subsection.4.2}{\376\377\000S\000e\000c\000u\000e\000n\000c\000i\000a\000s\000\040\000p\000r\000o\000f\000e\000s\000i\000o\000n\000a\000l\000e\000s\000\040\000y\000\040\000a\000m\000a\000t\000e\000u\000r}{section.4}% 23
\BOOKMARK [2][-]{subsection.4.3}{\376\377\000G\000r\000o\000u\000n\000d\000\040\000t\000r\000u\000t\000h\000\040\000y\000\040\000p\000s\000e\000u\000d\000o\000-\000g\000r\000o\000u\000n\000d\000-\000t\000r\000u\000t\000h}{section.4}% 24
\BOOKMARK [2][-]{subsection.4.4}{\376\377\000E\000n\000t\000o\000r\000n\000o\000\040\000t\000e\000c\000n\000o\000l\000\363\000g\000i\000c\000o}{section.4}% 25
\BOOKMARK [2][-]{subsection.4.5}{\376\377\000O\000r\000g\000a\000n\000i\000z\000a\000c\000i\000\363\000n\000\040\000r\000e\000p\000r\000o\000d\000u\000c\000i\000b\000l\000e\000\040\000d\000e\000\040\000e\000x\000p\000e\000r\000i\000m\000e\000n\000t\000o\000s}{section.4}% 26
\BOOKMARK [1][-]{section.5}{\376\377\000M\000e\000t\000o\000d\000o\000l\000o\000g\000\355\000a\000\040\000g\000e\000n\000e\000r\000a\000l}{}% 27
\BOOKMARK [2][-]{subsection.5.1}{\376\377\000D\000i\000s\000e\000\361\000o\000\040\000i\000t\000e\000r\000a\000t\000i\000v\000o\000\040\000d\000e\000l\000\040\000t\000r\000a\000b\000a\000j\000o}{section.5}% 28
\BOOKMARK [2][-]{subsection.5.2}{\376\377\000F\000l\000u\000j\000o\000\040\000g\000e\000n\000e\000r\000a\000l\000\040\000d\000e\000l\000\040\000p\000i\000p\000e\000l\000i\000n\000e}{section.5}% 29
\BOOKMARK [2][-]{subsection.5.3}{\376\377\000P\000r\000o\000t\000o\000c\000o\000l\000o\000\040\000d\000e\000\040\000e\000v\000a\000l\000u\000a\000c\000i\000\363\000n\000\040\000c\000u\000a\000n\000t\000i\000t\000a\000t\000i\000v\000a}{section.5}% 30
\BOOKMARK [2][-]{subsection.5.4}{\376\377\000P\000r\000o\000t\000o\000c\000o\000l\000o\000\040\000d\000e\000\040\000e\000v\000a\000l\000u\000a\000c\000i\000\363\000n\000\040\000c\000u\000a\000l\000i\000t\000a\000t\000i\000v\000a}{section.5}% 31
\BOOKMARK [2][-]{subsection.5.5}{\376\377\000J\000e\000r\000a\000r\000q\000u\000\355\000a\000\040\000d\000e\000\040\000r\000e\000s\000u\000l\000t\000a\000d\000o\000s\000:\000\040\000d\000e\000f\000i\000n\000i\000t\000i\000v\000o\000s\000\040\000f\000r\000e\000n\000t\000e\000\040\000a\000\040\000e\000x\000p\000l\000o\000r\000a\000t\000o\000r\000i\000o\000s}{section.5}% 32
\BOOKMARK [1][-]{section.6}{\376\377\000C\000o\000m\000p\000a\000r\000a\000t\000i\000v\000a\000\040\000i\000n\000i\000c\000i\000a\000l\000\040\000d\000e\000\040\000t\000r\000a\000c\000k\000e\000r\000s}{}% 33
\BOOKMARK [2][-]{subsection.6.1}{\376\377\000S\000e\000l\000e\000c\000c\000i\000\363\000n\000\040\000d\000e\000\040\000t\000r\000a\000c\000k\000e\000r\000s\000\040\000c\000a\000n\000d\000i\000d\000a\000t\000o\000s}{section.6}% 34
\BOOKMARK [2][-]{subsection.6.2}{\376\377\000B\000y\000t\000e\000T\000r\000a\000c\000k}{section.6}% 35
\BOOKMARK [2][-]{subsection.6.3}{\376\377\000D\000e\000e\000p\000E\000I\000o\000U}{section.6}% 36
\BOOKMARK [2][-]{subsection.6.4}{\376\377\000M\000O\000T\000I\000P}{section.6}% 37
\BOOKMARK [2][-]{subsection.6.5}{\376\377\000R\000e\000s\000u\000l\000t\000a\000d\000o\000s\000\040\000i\000n\000i\000c\000i\000a\000l\000e\000s\000\040\000y\000\040\000s\000e\000l\000e\000c\000c\000i\000\363\000n\000\040\000d\000e\000l\000\040\000t\000r\000a\000c\000k\000e\000r\000\040\000b\000a\000s\000e}{section.6}% 38
\BOOKMARK [1][-]{section.7}{\376\377\000D\000i\000a\000g\000n\000\363\000s\000t\000i\000c\000o\000\040\000d\000e\000l\000\040\000p\000r\000o\000b\000l\000e\000m\000a\000\040\000d\000e\000\040\000i\000d\000e\000n\000t\000i\000d\000a\000d}{}% 39
\BOOKMARK [2][-]{subsection.7.1}{\376\377\000A\000n\000\341\000l\000i\000s\000i\000s\000\040\000v\000i\000s\000u\000a\000l\000\040\000d\000e\000\040\000f\000a\000l\000l\000o\000s\000\040\000e\000n\000\040\000B\000y\000t\000e\000T\000r\000a\000c\000k}{section.7}% 40
\BOOKMARK [2][-]{subsection.7.2}{\376\377\000C\000a\000s\000o\000s\000\040\000c\000r\000\355\000t\000i\000c\000o\000s\000:\000\040\000o\000c\000l\000u\000s\000i\000o\000n\000e\000s\000,\000\040\000j\000u\000g\000a\000d\000o\000r\000\040\000c\000a\000\355\000d\000o\000\040\000y\000\040\000t\000e\000l\000e\000t\000r\000a\000n\000s\000p\000o\000r\000t\000a\000c\000i\000\363\000n}{section.7}% 41
\BOOKMARK [2][-]{subsection.7.3}{\376\377\000I\000n\000f\000l\000u\000e\000n\000c\000i\000a\000\040\000d\000e\000l\000\040\000t\000r\000a\000c\000k\000\137\000b\000u\000f\000f\000e\000r}{section.7}% 42
\BOOKMARK [2][-]{subsection.7.4}{\376\377\000H\000e\000u\000r\000\355\000s\000t\000i\000c\000a\000s\000\040\000t\000e\000m\000p\000r\000a\000n\000a\000s\000\040\000y\000\040\000s\000u\000s\000\040\000l\000i\000m\000i\000t\000a\000c\000i\000o\000n\000e\000s}{section.7}% 43
\BOOKMARK [2][-]{subsection.7.5}{\376\377\000C\000o\000n\000c\000l\000u\000s\000i\000\363\000n\000\040\000d\000e\000l\000\040\000d\000i\000a\000g\000n\000\363\000s\000t\000i\000c\000o}{section.7}% 44
\BOOKMARK [1][-]{section.8}{\376\377\000A\000n\000\341\000l\000i\000s\000i\000s\000\040\000d\000e\000l\000\040\000m\000\363\000d\000u\000l\000o\000\040\000R\000e\000I\000D}{}% 45
\BOOKMARK [2][-]{subsection.8.1}{\376\377\000P\000l\000a\000n\000t\000e\000a\000m\000i\000e\000n\000t\000o\000\040\000d\000e\000l\000\040\000a\000n\000\341\000l\000i\000s\000i\000s}{section.8}% 46
\BOOKMARK [2][-]{subsection.8.2}{\376\377\000F\000a\000s\000e\000\040\0000\000:\000\040\000a\000u\000d\000i\000t\000o\000r\000\355\000a\000\040\000y\000\040\000p\000r\000e\000p\000a\000r\000a\000c\000i\000\363\000n\000\040\000d\000e\000l\000\040\000e\000x\000p\000e\000r\000i\000m\000e\000n\000t\000o}{section.8}% 47
\BOOKMARK [2][-]{subsection.8.3}{\376\377\000F\000a\000s\000e\000\040\0001\000:\000\040\000v\000a\000l\000i\000d\000a\000c\000i\000\363\000n\000\040\000d\000e\000l\000\040\000e\000m\000b\000e\000d\000d\000i\000n\000g\000\040\000p\000u\000r\000o}{section.8}% 48
\BOOKMARK [2][-]{subsection.8.4}{\376\377\000E\000s\000t\000r\000u\000c\000t\000u\000r\000a\000\040\000d\000e\000l\000\040\000e\000s\000p\000a\000c\000i\000o\000\040\000d\000e\000\040\000e\000m\000b\000e\000d\000d\000i\000n\000g\000s\000:\000\040\000t\000-\000S\000N\000E\000,\000\040\000P\000C\000A\000\040\000y\000\040\000s\000i\000m\000i\000l\000i\000t\000u\000d}{section.8}% 49
\BOOKMARK [2][-]{subsection.8.5}{\376\377\000E\000s\000t\000a\000b\000i\000l\000i\000d\000a\000d\000\040\000t\000e\000m\000p\000o\000r\000a\000l\000\040\000d\000e\000l\000\040\000e\000m\000b\000e\000d\000d\000i\000n\000g}{section.8}% 50
\BOOKMARK [2][-]{subsection.8.6}{\376\377\000F\000a\000s\000e\000\040\0002\000:\000\040\000\277\000q\000u\000\351\000\040\000i\000n\000f\000o\000r\000m\000a\000c\000i\000\363\000n\000\040\000v\000i\000s\000u\000a\000l\000\040\000u\000s\000a\000\040\000e\000l\000\040\000m\000o\000d\000e\000l\000o\000?}{section.8}% 51
\BOOKMARK [2][-]{subsection.8.7}{\376\377\000F\000a\000s\000e\000\040\0003\000:\000\040\000c\000o\000m\000p\000a\000r\000a\000c\000i\000\363\000n\000\040\000e\000n\000t\000r\000e\000\040\000e\000m\000b\000e\000d\000d\000i\000n\000g\000\040\000p\000u\000r\000o\000\040\000y\000\040\000t\000r\000a\000c\000k\000e\000r}{section.8}% 52
\BOOKMARK [2][-]{subsection.8.8}{\376\377\000D\000i\000s\000c\000u\000s\000i\000\363\000n\000:\000\040\000q\000u\000\351\000\040\000d\000e\000m\000u\000e\000s\000t\000r\000a\000\040\000r\000e\000a\000l\000m\000e\000n\000t\000e\000\040\000e\000s\000t\000e\000\040\000e\000s\000t\000u\000d\000i\000o}{section.8}% 53
\BOOKMARK [1][-]{section.9}{\376\377\000I\000n\000t\000e\000g\000r\000a\000c\000i\000\363\000n\000\040\000o\000n\000l\000i\000n\000e\000\040\000d\000e\000\040\000R\000e\000I\000D\000\040\000e\000n\000\040\000B\000y\000t\000e\000T\000r\000a\000c\000k}{}% 54
\BOOKMARK [2][-]{subsection.9.1}{\376\377\000M\000o\000t\000i\000v\000a\000c\000i\000\363\000n\000\040\000d\000e\000\040\000l\000a\000\040\000r\000e\000c\000a\000l\000i\000b\000r\000a\000c\000i\000\363\000n\000\040\000o\000n\000l\000i\000n\000e}{section.9}% 55
\BOOKMARK [2][-]{subsection.9.2}{\376\377\000D\000i\000s\000e\000\361\000o\000\040\000d\000e\000\040\000l\000a\000s\000\040\000c\000o\000n\000f\000i\000g\000u\000r\000a\000c\000i\000o\000n\000e\000s\000\040\000v\0000\000,\000\040\000v\0001\000,\000\040\000v\0002\000\040\000y\000\040\000v\0003}{section.9}% 56
\BOOKMARK [2][-]{subsection.9.3}{\376\377\000P\000o\000r\000\040\000q\000u\000\351\000\040\000l\000a\000\040\000g\000u\000a\000r\000d\000i\000a\000\040\000I\000o\000U\000\040\000d\000e\000\040\000v\0003\000\040\000n\000o\000\040\000d\000u\000p\000l\000i\000c\000a\000\040\000e\000l\000\040\000I\000o\000U\000\040\000n\000a\000t\000i\000v\000o\000\040\000d\000e\000\040\000B\000y\000t\000e\000T\000r\000a\000c\000k}{section.9}% 57
\BOOKMARK [2][-]{subsection.9.4}{\376\377\000R\000e\000s\000u\000l\000t\000a\000d\000o\000s\000\040\000c\000u\000a\000n\000t\000i\000t\000a\000t\000i\000v\000o\000s\000\040\000d\000e\000\040\000l\000a\000\040\000r\000e\000c\000a\000l\000i\000b\000r\000a\000c\000i\000\363\000n}{section.9}% 58
\BOOKMARK [2][-]{subsection.9.5}{\376\377\000L\000e\000c\000t\000u\000r\000a\000\040\000f\000u\000n\000c\000i\000o\000n\000a\000l\000\040\000d\000e\000l\000\040\000t\000r\000a\000d\000e\000-\000o\000f\000f}{section.9}% 59
\BOOKMARK [2][-]{subsection.9.6}{\376\377\000E\000v\000a\000l\000u\000a\000c\000i\000\363\000n\000\040\000c\000u\000a\000l\000i\000t\000a\000t\000i\000v\000a\000\040\000d\000e\000\040\000v\0001}{section.9}% 60
\BOOKMARK [2][-]{subsection.9.7}{\376\377\000E\000r\000r\000o\000r\000e\000s\000\040\000e\000s\000p\000a\000c\000i\000a\000l\000e\000s\000\040\000r\000e\000p\000r\000e\000s\000e\000n\000t\000a\000t\000i\000v\000o\000s}{section.9}% 61
\BOOKMARK [2][-]{subsection.9.8}{\376\377\000C\000o\000n\000c\000l\000u\000s\000i\000\363\000n\000\040\000d\000e\000l\000\040\000e\000n\000f\000o\000q\000u\000e\000\040\000o\000n\000l\000i\000n\000e\000\040\000y\000\040\000t\000r\000a\000n\000s\000i\000c\000i\000\363\000n\000\040\000a\000l\000\040\000l\000i\000n\000k\000i\000n\000g}{section.9}% 62
\BOOKMARK [1][-]{section.10}{\376\377\000P\000o\000s\000t\000p\000r\000o\000c\000e\000s\000a\000d\000o\000\040\000o\000f\000f\000l\000i\000n\000e\000\040\000m\000e\000d\000i\000a\000n\000t\000e\000\040\000t\000r\000a\000c\000k\000l\000e\000t\000\040\000l\000i\000n\000k\000i\000n\000g}{}% 63
\BOOKMARK [2][-]{subsection.10.1}{\376\377\000M\000o\000t\000i\000v\000a\000c\000i\000\363\000n\000\040\000d\000e\000l\000\040\000t\000r\000a\000c\000k\000l\000e\000t\000\040\000l\000i\000n\000k\000i\000n\000g}{section.10}% 64
\BOOKMARK [2][-]{subsection.10.2}{\376\377\000C\000o\000n\000s\000t\000r\000u\000c\000c\000i\000\363\000n\000\040\000y\000\040\000a\000n\000\341\000l\000i\000s\000i\000s\000\040\000d\000e\000\040\000t\000r\000a\000c\000k\000l\000e\000t\000s}{section.10}% 65
\BOOKMARK [2][-]{subsection.10.3}{\376\377\000L\000i\000n\000k\000i\000n\000g\000\040\000g\000e\000o\000m\000\351\000t\000r\000i\000c\000o\000\040\000y\000\040\000c\000r\000i\000t\000e\000r\000i\000o\000s\000\040\000d\000e\000\040\000f\000u\000s\000i\000\363\000n}{section.10}% 66
\BOOKMARK [2][-]{subsection.10.4}{\376\377\000E\000x\000p\000e\000r\000i\000m\000e\000n\000t\000o\000s\000\040\000p\000r\000i\000n\000c\000i\000p\000a\000l\000e\000s\000\040\000s\000o\000b\000r\000e\000\040\000v\0000}{section.10}% 67
\BOOKMARK [2][-]{subsection.10.5}{\376\377\000A\000p\000l\000i\000c\000a\000c\000i\000\363\000n\000\040\000s\000o\000b\000r\000e\000\040\000v\0001}{section.10}% 68
\BOOKMARK [2][-]{subsection.10.6}{\376\377\000G\000e\000n\000e\000r\000a\000l\000i\000z\000a\000c\000i\000\363\000n\000\040\000a\000\040\000m\000\372\000l\000t\000i\000p\000l\000e\000s\000\040\000s\000e\000c\000u\000e\000n\000c\000i\000a\000s}{section.10}% 69
\BOOKMARK [2][-]{subsection.10.7}{\376\377\000F\000o\000r\000m\000u\000l\000a\000c\000i\000\363\000n\000\040\000f\000i\000n\000a\000l\000:\000\040\000l\000i\000n\000k\000i\000n\000g\000\040\000o\000f\000f\000l\000i\000n\000e\000\040\000t\000r\000a\000s\000\040\000v\000a\000l\000i\000d\000a\000c\000i\000\363\000n\000\040\000e\000s\000p\000a\000c\000i\000a\000l\000\040\000g\000l\000o\000b\000a\000l}{section.10}% 70
\BOOKMARK [2][-]{subsection.10.8}{\376\377\000D\000i\000s\000c\000u\000s\000i\000\363\000n\000:\000\040\000o\000n\000l\000i\000n\000e\000\040\000f\000r\000e\000n\000t\000e\000\040\000a\000\040\000o\000f\000f\000l\000i\000n\000e}{section.10}% 71
\BOOKMARK [1][-]{section.11}{\376\377\000A\000d\000a\000p\000t\000a\000c\000i\000\363\000n\000\040\000d\000e\000l\000\040\000R\000e\000I\000D\000\040\000a\000l\000\040\000d\000o\000m\000i\000n\000i\000o}{}% 72
\BOOKMARK [2][-]{subsection.11.1}{\376\377\000M\000o\000d\000e\000l\000o\000\040\000b\000a\000s\000e\000l\000i\000n\000e\000\040\000S\000p\000o\000r\000t\000s\000M\000O\000T}{section.11}% 73
\BOOKMARK [2][-]{subsection.11.2}{\376\377\000C\000u\000r\000v\000a\000s\000\040\000d\000e\000\040\000a\000p\000r\000e\000n\000d\000i\000z\000a\000j\000e\000\040\000y\000\040\000s\000e\000l\000e\000c\000c\000i\000\363\000n\000\040\000d\000e\000\040\000c\000h\000e\000c\000k\000p\000o\000i\000n\000t\000s}{section.11}% 74
\BOOKMARK [2][-]{subsection.11.3}{\376\377\000E\000n\000t\000r\000e\000n\000a\000m\000i\000e\000n\000t\000o\000\040\000e\000s\000p\000e\000c\000\355\000f\000i\000c\000o\000\040\000e\000n\000\040\000f\000\372\000t\000b\000o\000l\000\040\000p\000r\000o\000f\000e\000s\000i\000o\000n\000a\000l}{section.11}% 75
\BOOKMARK [2][-]{subsection.11.4}{\376\377\000E\000n\000t\000r\000e\000n\000a\000m\000i\000e\000n\000t\000o\000\040\000e\000s\000p\000e\000c\000\355\000f\000i\000c\000o\000\040\000e\000n\000\040\000f\000\372\000t\000b\000o\000l\000\040\000a\000m\000a\000t\000e\000u\000r}{section.11}% 76
\BOOKMARK [2][-]{subsection.11.5}{\376\377\000C\000o\000m\000p\000a\000r\000a\000c\000i\000\363\000n\000\040\000e\000n\000t\000r\000e\000\040\000m\000o\000d\000e\000l\000o\000s\000\040\000g\000e\000n\000\351\000r\000i\000c\000o\000s\000\040\000y\000\040\000e\000s\000p\000e\000c\000\355\000f\000i\000c\000o\000s}{section.11}% 77
\BOOKMARK [2][-]{subsection.11.6}{\376\377\000A\000p\000l\000i\000c\000a\000c\000i\000\363\000n\000\040\000d\000e\000\040\000t\000r\000a\000c\000k\000l\000e\000t\000\040\000l\000i\000n\000k\000i\000n\000g\000\040\000s\000o\000b\000r\000e\000\040\000l\000o\000s\000\040\000m\000e\000j\000o\000r\000e\000s\000\040\000m\000o\000d\000e\000l\000o\000s}{section.11}% 78
\BOOKMARK [1][-]{section.12}{\376\377\000P\000l\000a\000t\000a\000f\000o\000r\000m\000a\000\040\000e\000x\000p\000e\000r\000i\000m\000e\000n\000t\000a\000l\000\040\000f\000i\000n\000a\000l\000\040\000y\000\040\000h\000e\000u\000r\000\355\000s\000t\000i\000c\000a\000s\000\040\000d\000e\000\040\000c\000o\000h\000e\000r\000e\000n\000c\000i\000a\000\040\000e\000s\000p\000a\000c\000i\000a\000l}{}% 79
\BOOKMARK [2][-]{subsection.12.1}{\376\377\000M\000o\000t\000i\000v\000a\000c\000i\000\363\000n\000\040\000y\000\040\000p\000a\000p\000e\000l\000\040\000d\000e\000\040\000l\000a\000\040\000p\000l\000a\000t\000a\000f\000o\000r\000m\000a\000\040\000f\000i\000n\000a\000l}{section.12}% 80
\BOOKMARK [2][-]{subsection.12.2}{\376\377\000C\000u\000r\000a\000c\000i\000\363\000n\000\040\000m\000a\000n\000u\000a\000l\000\040\000d\000e\000l\000\040\000d\000o\000m\000i\000n\000i\000o\000\040\000a\000m\000a\000t\000e\000u\000r}{section.12}% 81
\BOOKMARK [2][-]{subsection.12.3}{\376\377\000S\000c\000r\000i\000p\000t\000s\000\040\000c\000o\000r\000r\000e\000c\000t\000o\000r\000e\000s\000\040\000y\000\040\000g\000e\000n\000e\000r\000a\000c\000i\000\363\000n\000\040\000d\000e\000l\000\040\000p\000s\000e\000u\000d\000o\000-\000g\000r\000o\000u\000n\000d\000\040\000t\000r\000u\000t\000h}{section.12}% 82
\BOOKMARK [2][-]{subsection.12.4}{\376\377\000C\000o\000n\000f\000i\000g\000u\000r\000a\000c\000i\000\363\000n\000\040\000\363\000p\000t\000i\000m\000a\000\040\000s\000e\000l\000e\000c\000c\000i\000o\000n\000a\000d\000a}{section.12}% 83
\BOOKMARK [2][-]{subsection.12.5}{\376\377\000I\000n\000t\000e\000r\000f\000a\000z\000\040\000d\000e\000\040\000l\000a\000\040\000a\000p\000l\000i\000c\000a\000c\000i\000\363\000n\000\040\000f\000i\000n\000a\000l}{section.12}% 84
\BOOKMARK [2][-]{subsection.12.6}{\376\377\000A\000r\000q\000u\000i\000t\000e\000c\000t\000u\000r\000a\000\040\000g\000e\000n\000e\000r\000a\000l\000\040\000d\000e\000l\000\040\000p\000i\000p\000e\000l\000i\000n\000e}{section.12}% 85
\BOOKMARK [2][-]{subsection.12.7}{\376\377\000F\000a\000s\000e\000\040\0001\000:\000\040\000t\000r\000a\000c\000k\000i\000n\000g\000\040\000o\000n\000l\000i\000n\000e\000\040\000c\000o\000n\000\040\000B\000y\000t\000e\000T\000r\000a\000c\000k\000\040\000+\000\040\000R\000e\000I\000D}{section.12}% 86
\BOOKMARK [2][-]{subsection.12.8}{\376\377\000F\000a\000s\000e\000\040\0002\000:\000\040\000v\000a\000l\000i\000d\000a\000c\000i\000\363\000n\000\040\000d\000e\000\040\000c\000o\000h\000e\000r\000e\000n\000c\000i\000a\000\040\000e\000s\000p\000a\000c\000i\000a\000l\000\040\000m\000e\000d\000i\000a\000n\000t\000e\000\040\000Z\000o\000n\000e\000\040\000F\000i\000x}{section.12}% 87
\BOOKMARK [2][-]{subsection.12.9}{\376\377\000J\000u\000s\000t\000i\000f\000i\000c\000a\000c\000i\000\363\000n\000\040\000d\000e\000l\000\040\000a\000u\000m\000e\000n\000t\000o\000\040\000d\000e\000\040\000I\000D\000s\000\040\000i\000n\000t\000r\000o\000d\000u\000c\000i\000d\000o\000\040\000p\000o\000r\000\040\000Z\000o\000n\000e\000\040\000F\000i\000x}{section.12}% 88
\BOOKMARK [2][-]{subsection.12.10}{\376\377\000E\000j\000e\000m\000p\000l\000o\000\040\000c\000u\000a\000l\000i\000t\000a\000t\000i\000v\000o\000\040\000d\000e\000l\000\040\000e\000f\000e\000c\000t\000o\000\040\000d\000e\000\040\000Z\000o\000n\000e\000\040\000F\000i\000x}{section.12}% 89
\BOOKMARK [2][-]{subsection.12.11}{\376\377\000F\000a\000s\000e\000\040\0003\000:\000\040\000l\000i\000n\000k\000i\000n\000g\000\040\000o\000f\000f\000l\000i\000n\000e\000\040\000c\000o\000m\000o\000\040\000r\000e\000c\000u\000p\000e\000r\000a\000c\000i\000\363\000n\000\040\000d\000e\000\040\000f\000r\000a\000g\000m\000e\000n\000t\000a\000c\000i\000\363\000n\000\040\000v\000\341\000l\000i\000d\000a}{section.12}% 90
\BOOKMARK [2][-]{subsection.12.12}{\376\377\000F\000a\000s\000e\000s\000\040\0004\000\040\000y\000\040\0005\000:\000\040\000v\000i\000s\000u\000a\000l\000i\000z\000a\000c\000i\000\363\000n\000\040\000y\000\040\000e\000v\000a\000l\000u\000a\000c\000i\000\363\000n}{section.12}% 91
\BOOKMARK [2][-]{subsection.12.13}{\376\377\000V\000a\000l\000o\000r\000\040\000m\000e\000t\000o\000d\000o\000l\000\363\000g\000i\000c\000o\000\040\000d\000e\000\040\000l\000a\000\040\000p\000l\000a\000t\000a\000f\000o\000r\000m\000a\000\040\000f\000i\000n\000a\000l}{section.12}% 92
\BOOKMARK [2][-]{subsection.12.14}{\376\377\000D\000i\000s\000c\000u\000s\000i\000\363\000n\000\040\000f\000i\000n\000a\000l\000\040\000d\000e\000l\000\040\000c\000a\000p\000\355\000t\000u\000l\000o}{section.12}% 93
\BOOKMARK [1][-]{section.13}{\376\377\000R\000e\000s\000u\000l\000t\000a\000d\000o\000s\000\040\000g\000l\000o\000b\000a\000l\000e\000s\000\040\000y\000\040\000s\000e\000l\000e\000c\000c\000i\000\363\000n\000\040\000d\000e\000l\000\040\000s\000i\000s\000t\000e\000m\000a\000\040\000f\000i\000n\000a\000l}{}% 94
\BOOKMARK [2][-]{subsection.13.1}{\376\377\000M\000e\000g\000a\000t\000a\000b\000l\000a\000\040\000d\000e\000\040\000c\000o\000n\000f\000i\000g\000u\000r\000a\000c\000i\000o\000n\000e\000s}{section.13}% 95
\BOOKMARK [2][-]{subsection.13.2}{\376\377\000C\000o\000m\000p\000a\000r\000a\000c\000i\000\363\000n\000\040\000g\000l\000o\000b\000a\000l\000\040\000d\000e\000\040\000e\000n\000f\000o\000q\000u\000e\000s}{section.13}% 96
\BOOKMARK [2][-]{subsection.13.3}{\376\377\000C\000r\000i\000t\000e\000r\000i\000o\000s\000\040\000d\000e\000\040\000s\000e\000l\000e\000c\000c\000i\000\363\000n\000\040\000d\000e\000l\000\040\000s\000i\000s\000t\000e\000m\000a\000\040\000f\000i\000n\000a\000l}{section.13}% 97
\BOOKMARK [2][-]{subsection.13.4}{\376\377\000P\000i\000p\000e\000l\000i\000n\000e\000\040\000f\000i\000n\000a\000l\000\040\000e\000l\000e\000g\000i\000d\000o\000\040\000y\000\040\000j\000u\000s\000t\000i\000f\000i\000c\000a\000c\000i\000\363\000n}{section.13}% 98
\BOOKMARK [2][-]{subsection.13.5}{\376\377\000D\000i\000s\000c\000u\000s\000i\000\363\000n\000\040\000s\000o\000b\000r\000e\000\040\000t\000r\000a\000d\000e\000-\000o\000f\000f\000s}{section.13}% 99
\BOOKMARK [1][-]{section.14}{\376\377\000C\000o\000n\000c\000l\000u\000s\000i\000o\000n\000e\000s}{}% 100
\BOOKMARK [2][-]{subsection.14.1}{\376\377\000R\000e\000s\000p\000u\000e\000s\000t\000a\000\040\000a\000\040\000l\000o\000s\000\040\000o\000b\000j\000e\000t\000i\000v\000o\000s\000\040\000d\000e\000l\000\040\000a\000n\000t\000e\000p\000r\000o\000y\000e\000c\000t\000o}{section.14}% 101
\BOOKMARK [2][-]{subsection.14.2}{\376\377\000P\000r\000i\000n\000c\000i\000p\000a\000l\000e\000s\000\040\000h\000a\000l\000l\000a\000z\000g\000o\000s}{section.14}% 102
\BOOKMARK [2][-]{subsection.14.3}{\376\377\000A\000p\000o\000r\000t\000a\000c\000i\000o\000n\000e\000s\000\040\000d\000e\000l\000\040\000t\000r\000a\000b\000a\000j\000o}{section.14}% 103
\BOOKMARK [2][-]{subsection.14.4}{\376\377\000L\000i\000m\000i\000t\000a\000c\000i\000o\000n\000e\000s}{section.14}% 104
\BOOKMARK [2][-]{subsection.14.5}{\376\377\000T\000r\000a\000b\000a\000j\000o\000\040\000f\000u\000t\000u\000r\000o}{section.14}% 105
\BOOKMARK [1][-]{subsection.14.5}{\376\377\000R\000e\000f\000e\000r\000e\000n\000c\000i\000a\000s}{}% 106
